
  .   ____          _            __ _ _
 /\\ / ___'_ __ _ _(_)_ __  __ _ \ \ \ \
( ( )\___ | '_ | '_| | '_ \/ _` | \ \ \ \
 \\/  ___)| |_)| | | | | || (_| |  ) ) ) )
  '  |____| .__|_| |_|_| |_\__, | / / / /
 =========|_|==============|___/=/_/_/_/

 :: Spring Boot ::                (v3.4.5)

2026-09-25T00:15:46.112-03:00  INFO 22968 --- [conciliacion-app] [           main] c.c.ConciliacionAppApplication           : Starting ConciliacionAppApplication using Java 17.0.19 with PID 22968 (C:\conciliacion\target\classes started by Urano in C:\conciliacion)
2026-09-25T00:15:46.131-03:00  INFO 22968 --- [conciliacion-app] [           main] c.c.ConciliacionAppApplication           : No active profile set, falling back to 1 default profile: "default"
2026-09-25T00:15:46.750-03:00  INFO 22968 --- [conciliacion-app] [           main] .s.d.r.c.RepositoryConfigurationDelegate : Bootstrapping Spring Data JPA repositories in DEFAULT mode.
2026-09-25T00:15:46.831-03:00  INFO 22968 --- [conciliacion-app] [           main] .s.d.r.c.RepositoryConfigurationDelegate : Finished Spring Data repository scanning in 53 ms. Found 3 JPA repository interfaces.
2026-09-25T00:15:47.343-03:00  INFO 22968 --- [conciliacion-app] [           main] o.s.b.w.embedded.tomcat.TomcatWebServer  : Tomcat initialized with port 8081 (http)
2026-09-25T00:15:47.355-03:00  INFO 22968 --- [conciliacion-app] [           main] o.apache.catalina.core.StandardService   : Starting service [Tomcat]
2026-09-25T00:15:47.355-03:00  INFO 22968 --- [conciliacion-app] [           main] o.apache.catalina.core.StandardEngine    : Starting Servlet engine: [Apache Tomcat/10.1.40]
2026-09-25T00:15:47.411-03:00  INFO 22968 --- [conciliacion-app] [           main] o.a.c.c.C.[Tomcat].[localhost].[/]       : Initializing Spring embedded WebApplicationContext
2026-09-25T00:15:47.425-03:00  INFO 22968 --- [conciliacion-app] [           main] w.s.c.ServletWebServerApplicationContext : Root WebApplicationContext: initialization completed in 1239 ms
2026-09-25T00:15:47.562-03:00  INFO 22968 --- [conciliacion-app] [           main] o.hibernate.jpa.internal.util.LogHelper  : HHH000204: Processing PersistenceUnitInfo [name: default]
2026-09-25T00:15:47.613-03:00  INFO 22968 --- [conciliacion-app] [           main] org.hibernate.Version                    : HHH000412: Hibernate ORM core version 6.6.13.Final
2026-09-25T00:15:47.657-03:00  INFO 22968 --- [conciliacion-app] [           main] o.h.c.internal.RegionFactoryInitiator    : HHH000026: Second-level cache disabled
2026-09-25T00:15:47.919-03:00  INFO 22968 --- [conciliacion-app] [           main] o.s.o.j.p.SpringPersistenceUnitInfo      : No LoadTimeWeaver setup: ignoring JPA class transformer
2026-09-25T00:15:47.950-03:00  INFO 22968 --- [conciliacion-app] [           main] com.zaxxer.hikari.HikariDataSource       : HikariPool-1 - Starting...
2026-09-25T00:15:48.130-03:00  INFO 22968 --- [conciliacion-app] [           main] com.zaxxer.hikari.pool.HikariPool        : HikariPool-1 - Added connection conn0: url=jdbc:h2:mem:conciliacion user=SA
2026-09-25T00:15:48.136-03:00  INFO 22968 --- [conciliacion-app] [           main] com.zaxxer.hikari.HikariDataSource       : HikariPool-1 - Start completed.
2026-09-25T00:15:48.187-03:00  INFO 22968 --- [conciliacion-app] [           main] org.hibernate.orm.connections.pooling    : HHH10001005: Database info:
	Database JDBC URL [Connecting through datasource 'HikariDataSource (HikariPool-1)']
	Database driver: undefined/unknown
	Database version: 2.3.232
	Autocommit mode: undefined/unknown
	Isolation level: undefined/unknown
	Minimum pool size: undefined/unknown
	Maximum pool size: undefined/unknown
2026-09-25T00:15:49.036-03:00  INFO 22968 --- [conciliacion-app] [           main] o.h.e.t.j.p.i.JtaPlatformInitiator       : HHH000489: No JTA platform available (set 'hibernate.transaction.jta.platform' to enable JTA platform integration)
Hibernate: drop table if exists conciliacion cascade 
Hibernate: drop table if exists movimiento_bancario cascade 
Hibernate: drop table if exists movimiento_contable cascade 
Hibernate: create table conciliacion (es_credito boolean not null, fecha date not null, importe numeric(13,2) not null, id bigint generated by default as identity, importado_en timestamp(6) not null, detalle varchar(200) not null, estado enum ('CONCILIADO','DESCARTADO','PENDIENTE') not null, origen enum ('MANUAL','OTRO','XUBIO') not null, tipo enum ('BANCARIO','CONTABLE','OTRO') not null, primary key (id))
Hibernate: create table movimiento_bancario (es_credito boolean not null, fecha date not null, importe numeric(13,2) not null, id bigint generated by default as identity, importado_en timestamp(6) not null, cbu varchar(30) not null, detalle varchar(200) not null, estado enum ('CONCILIADO','DESCARTADO','PENDIENTE') not null, primary key (id))
Hibernate: create table movimiento_contable (es_credito boolean not null, fecha date not null, importe numeric(13,2) not null, id bigint generated by default as identity, importado_en timestamp(6) not null, comprobante varchar(40) not null, concepto varchar(200) not null, estado enum ('CONCILIADO','DESCARTADO','PENDIENTE') not null, origen enum ('MANUAL','OTRO','XUBIO') not null, primary key (id))
2026-09-25T00:15:49.101-03:00  INFO 22968 --- [conciliacion-app] [           main] j.LocalContainerEntityManagerFactoryBean : Initialized JPA EntityManagerFactory for persistence unit 'default'
2026-09-25T00:15:49.777-03:00  INFO 22968 --- [conciliacion-app] [           main] o.s.b.a.h2.H2ConsoleAutoConfiguration    : H2 console available at '/h2-console'. Database available at 'jdbc:h2:mem:conciliacion'
2026-09-25T00:15:49.896-03:00  INFO 22968 --- [conciliacion-app] [           main] o.s.b.w.embedded.tomcat.TomcatWebServer  : Tomcat started on port 8081 (http) with context path '/'
2026-09-25T00:15:49.904-03:00  INFO 22968 --- [conciliacion-app] [           main] c.c.ConciliacionAppApplication           : Started ConciliacionAppApplication in 4.306 seconds (process running for 4.699)
2026-09-25T00:15:50.238-03:00  INFO 22968 --- [conciliacion-app] [nio-8081-exec-1] o.a.c.c.C.[Tomcat].[localhost].[/]       : Initializing Spring DispatcherServlet 'dispatcherServlet'
2026-09-25T00:15:50.239-03:00  INFO 22968 --- [conciliacion-app] [nio-8081-exec-1] o.s.web.servlet.DispatcherServlet        : Initializing Servlet 'dispatcherServlet'
2026-09-25T00:15:50.239-03:00  INFO 22968 --- [conciliacion-app] [nio-8081-exec-1] o.s.web.servlet.DispatcherServlet        : Completed initialization in 0 ms
Hibernate: select count(*) from movimiento_bancario mb1_0
Hibernate: select mb1_0.id,mb1_0.cbu,mb1_0.detalle,mb1_0.es_credito,mb1_0.estado,mb1_0.fecha,mb1_0.importado_en,mb1_0.importe from movimiento_bancario mb1_0
Hibernate: insert into movimiento_bancario (cbu,detalle,es_credito,estado,fecha,importado_en,importe,id) values (?,?,?,?,?,?,?,default)
Hibernate: insert into movimiento_bancario (cbu,detalle,es_credito,estado,fecha,importado_en,importe,id) values (?,?,?,?,?,?,?,default)
Hibernate: insert into movimiento_contable (comprobante,concepto,es_credito,estado,fecha,importado_en,importe,origen,id) values (?,?,?,?,?,?,?,?,default)
== SEED DEMO LISTO ==
  banco 1 (20/09, +152000.00, credito) tiene par EXACTO -> el POST /autoconciliar te lo concilia solo
  banco 2 (19/09, -48000.00, debito) sin par -> queda PENDIENTE pa' que decidas vos
