
  .   ____          _            __ _ _
 /\\ / ___'_ __ _ _(_)_ __  __ _ \ \ \ \
( ( )\___ | '_ | '_| | '_ \/ _` | \ \ \ \
 \\/  ___)| |_)| | | | | || (_| |  ) ) ) )
  '  |____| .__|_| |_|_| |_\__, | / / / /
 =========|_|==============|___/=/_/_/_/

 :: Spring Boot ::                (v3.4.5)

2026-09-25T00:10:56.349-03:00  INFO 21404 --- [conciliacion-app] [           main] c.c.ConciliacionAppApplication           : Starting ConciliacionAppApplication using Java 17.0.19 with PID 21404 (C:\conciliacion\target\classes started by Urano in C:\conciliacion)
2026-09-25T00:10:56.358-03:00  INFO 21404 --- [conciliacion-app] [           main] c.c.ConciliacionAppApplication           : No active profile set, falling back to 1 default profile: "default"
2026-09-25T00:10:58.291-03:00  INFO 21404 --- [conciliacion-app] [           main] .s.d.r.c.RepositoryConfigurationDelegate : Bootstrapping Spring Data JPA repositories in DEFAULT mode.
2026-09-25T00:10:58.571-03:00  INFO 21404 --- [conciliacion-app] [           main] .s.d.r.c.RepositoryConfigurationDelegate : Finished Spring Data repository scanning in 250 ms. Found 3 JPA repository interfaces.
2026-09-25T00:11:00.700-03:00  INFO 21404 --- [conciliacion-app] [           main] o.s.b.w.embedded.tomcat.TomcatWebServer  : Tomcat initialized with port 8080 (http)
2026-09-25T00:11:00.807-03:00  INFO 21404 --- [conciliacion-app] [           main] o.apache.catalina.core.StandardService   : Starting service [Tomcat]
2026-09-25T00:11:00.808-03:00  INFO 21404 --- [conciliacion-app] [           main] o.apache.catalina.core.StandardEngine    : Starting Servlet engine: [Apache Tomcat/10.1.40]
2026-09-25T00:11:01.121-03:00  INFO 21404 --- [conciliacion-app] [           main] o.a.c.c.C.[Tomcat].[localhost].[/]       : Initializing Spring embedded WebApplicationContext
2026-09-25T00:11:01.122-03:00  INFO 21404 --- [conciliacion-app] [           main] w.s.c.ServletWebServerApplicationContext : Root WebApplicationContext: initialization completed in 4608 ms
2026-09-25T00:11:01.573-03:00  INFO 21404 --- [conciliacion-app] [           main] o.hibernate.jpa.internal.util.LogHelper  : HHH000204: Processing PersistenceUnitInfo [name: default]
2026-09-25T00:11:01.702-03:00  INFO 21404 --- [conciliacion-app] [           main] org.hibernate.Version                    : HHH000412: Hibernate ORM core version 6.6.13.Final
2026-09-25T00:11:01.793-03:00  INFO 21404 --- [conciliacion-app] [           main] o.h.c.internal.RegionFactoryInitiator    : HHH000026: Second-level cache disabled
2026-09-25T00:11:02.621-03:00  INFO 21404 --- [conciliacion-app] [           main] o.s.o.j.p.SpringPersistenceUnitInfo      : No LoadTimeWeaver setup: ignoring JPA class transformer
2026-09-25T00:11:02.743-03:00  INFO 21404 --- [conciliacion-app] [           main] com.zaxxer.hikari.HikariDataSource       : HikariPool-1 - Starting...
2026-09-25T00:11:03.332-03:00  INFO 21404 --- [conciliacion-app] [           main] com.zaxxer.hikari.pool.HikariPool        : HikariPool-1 - Added connection conn0: url=jdbc:h2:mem:conciliacion user=SA
2026-09-25T00:11:03.437-03:00  INFO 21404 --- [conciliacion-app] [           main] com.zaxxer.hikari.HikariDataSource       : HikariPool-1 - Start completed.
2026-09-25T00:11:03.617-03:00  INFO 21404 --- [conciliacion-app] [           main] org.hibernate.orm.connections.pooling    : HHH10001005: Database info:
	Database JDBC URL [Connecting through datasource 'HikariDataSource (HikariPool-1)']
	Database driver: undefined/unknown
	Database version: 2.3.232
	Autocommit mode: undefined/unknown
	Isolation level: undefined/unknown
	Minimum pool size: undefined/unknown
	Maximum pool size: undefined/unknown
2026-09-25T00:11:05.999-03:00  INFO 21404 --- [conciliacion-app] [           main] o.h.e.t.j.p.i.JtaPlatformInitiator       : HHH000489: No JTA platform available (set 'hibernate.transaction.jta.platform' to enable JTA platform integration)
Hibernate: drop table if exists conciliacion cascade 
Hibernate: drop table if exists movimiento_bancario cascade 
Hibernate: drop table if exists movimiento_contable cascade 
Hibernate: create table conciliacion (es_credito boolean not null, fecha date not null, importe numeric(13,2) not null, id bigint generated by default as identity, importado_en timestamp(6) not null, detalle varchar(200) not null, estado enum ('CONCILIADO','DESCARTADO','PENDIENTE') not null, origen enum ('MANUAL','OTRO','XUBIO') not null, tipo enum ('BANCARIO','CONTABLE','OTRO') not null, primary key (id))
Hibernate: create table movimiento_bancario (es_credito boolean not null, fecha date not null, importe numeric(13,2) not null, id bigint generated by default as identity, importado_en timestamp(6) not null, cbu varchar(30) not null, detalle varchar(200) not null, estado enum ('CONCILIADO','DESCARTADO','PENDIENTE') not null, primary key (id))
Hibernate: create table movimiento_contable (es_credito boolean not null, fecha date not null, importe numeric(13,2) not null, id bigint generated by default as identity, importado_en timestamp(6) not null, comprobante varchar(40) not null, concepto varchar(200) not null, estado enum ('CONCILIADO','DESCARTADO','PENDIENTE') not null, origen enum ('MANUAL','OTRO','XUBIO') not null, primary key (id))
2026-09-25T00:11:06.144-03:00  INFO 21404 --- [conciliacion-app] [           main] j.LocalContainerEntityManagerFactoryBean : Initialized JPA EntityManagerFactory for persistence unit 'default'
2026-09-25T00:11:07.874-03:00  INFO 21404 --- [conciliacion-app] [           main] o.s.b.a.h2.H2ConsoleAutoConfiguration    : H2 console available at '/h2-console'. Database available at 'jdbc:h2:mem:conciliacion'
2026-09-25T00:11:08.045-03:00  WARN 21404 --- [conciliacion-app] [           main] ConfigServletWebServerApplicationContext : Exception encountered during context initialization - cancelling refresh attempt: org.springframework.context.ApplicationContextException: Failed to start bean 'webServerStartStop'
2026-09-25T00:11:08.047-03:00  INFO 21404 --- [conciliacion-app] [           main] j.LocalContainerEntityManagerFactoryBean : Closing JPA EntityManagerFactory for persistence unit 'default'
Hibernate: drop table if exists conciliacion cascade 
Hibernate: drop table if exists movimiento_bancario cascade 
Hibernate: drop table if exists movimiento_contable cascade 
2026-09-25T00:11:08.065-03:00  INFO 21404 --- [conciliacion-app] [           main] com.zaxxer.hikari.HikariDataSource       : HikariPool-1 - Shutdown initiated...
2026-09-25T00:11:08.069-03:00  INFO 21404 --- [conciliacion-app] [           main] com.zaxxer.hikari.HikariDataSource       : HikariPool-1 - Shutdown completed.
2026-09-25T00:11:08.093-03:00  INFO 21404 --- [conciliacion-app] [           main] .s.b.a.l.ConditionEvaluationReportLogger : 

Error starting ApplicationContext. To display the condition evaluation report re-run your application with 'debug' enabled.
2026-09-25T00:11:08.123-03:00 ERROR 21404 --- [conciliacion-app] [           main] o.s.b.d.LoggingFailureAnalysisReporter   : 

***************************
APPLICATION FAILED TO START
***************************

Description:

Web server failed to start. Port 8080 was already in use.

Action:

Identify and stop the process that's listening on port 8080 or configure this application to listen on another port.

[ERROR] Failed to execute goal org.springframework.boot:spring-boot-maven-plugin:3.4.5:run (default-cli) on project conciliacion-app: Process terminated with exit code: [ERROR] Failed to execute goal org.springframework.boot:spring-boot-maven-plugin:3.4.5:run (default-cli) on project conciliacion-app: Process terminated with exit code: -1 -> [Help 1]
[ERROR] 
[ERROR] To see the full stack trace of the errors, re-run Maven with the -e switch.
[ERROR] Re-run Maven using the -X switch to enable full debug logging.
[ERROR] 
[ERROR] For more information about the errors and possible solutions, please read the following articles:
[ERROR] [Help 1] http://cwiki.apache.org/confluence/display/MAVEN/MojoExecutionException
